============================================================
Phase 7 集成测试
============================================================

[测试] 数据库迁移...
python : 2026-03-24 23:02:37 - database - INFO - Database path: :memory:
所在位置 行:1 字符: 26
+ ... -assistant; python tests/test_phase7_integration.py > test_output.txt ...
+                 ~~~~~~~~~~~~~~~~~~~~~~~~~~~~~~~~~~~~~~~~~~~~~~~~~~~~~~~~~
    + CategoryInfo          : NotSpecified: (2026-03-24 23:0... path: :memory::String) [], RemoteException
    + FullyQualifiedErrorId : NativeCommandError
 
2026-03-24 23:02:37 - database - INFO - Database initialized successfully
[PASS] 数据库迁移测试通过

[测试] 部门CRUD操作...
2026-03-24 23:02:37 - database - INFO - Database path: :memory:
2026-03-24 23:02:37 - database - INFO - Database initialized successfully
2026-03-24 23:02:37 - department_repo - INFO - Created department: 研发部 (ID: 1)
2026-03-24 23:02:37 - department_repo - INFO - Updated department ID 1
2026-03-24 23:02:37 - department_repo - INFO - Deleted department ID 1
[PASS] 部门CRUD测试通过

[测试] 成员CRUD操作...
2026-03-24 23:02:37 - database - INFO - Database path: :memory:
2026-03-24 23:02:37 - database - INFO - Database initialized successfully
2026-03-24 23:02:37 - department_repo - INFO - Created department: 研发部 (ID: 2)
2026-03-24 23:02:37 - team_member_repo - INFO - Created team member: 张三 <zhangsan@example.com> (ID: 1)
2026-03-24 23:02:37 - team_member_repo - INFO - Created team member: 李四 <lisi@example.com> (ID: 2)
2026-03-24 23:02:37 - team_member_repo - INFO - Updated team member ID 1
2026-03-24 23:02:37 - team_member_repo - INFO - Deleted team member ID 1
[PASS] 成员CRUD测试通过

[测试] 同步服务...
2026-03-24 23:02:37 - database - INFO - Database path: :memory:
2026-03-24 23:02:37 - database - INFO - Database initialized successfully
2026-03-24 23:02:37 - department_repo - INFO - Created department: 测试研发部 (ID: 3)
2026-03-24 23:02:37 - team_member_repo - INFO - Created team member: 张三 <zhangsan@example.com> (ID: 3)
[ERROR] test_sync_service: UserProfileRepo.update_profile() missing 1 required positional argument: 'work_description'

[测试] 完整部门协作流程...
2026-03-24 23:02:37 - database - INFO - Database path: :memory:
2026-03-24 23:02:37 - database - INFO - Database initialized successfully
2026-03-24 23:02:37 - department_repo - INFO - Created department: 产品部 (ID: 4)
  步骤1: 创建部门 - ID: 4
2026-03-24 23:02:37 - team_member_repo - INFO - Created team member: 王经理 <wang@example.com> (ID: 4)
2026-03-24 23:02:37 - team_member_repo - INFO - Created team member: 张三 <zhang@example.com> (ID: 5)
2026-03-24 23:02:37 - team_member_repo - INFO - Created team member: 李四 <li@example.com> (ID: 6)
  步骤2: 添加3名团队成员
[ERROR] test_full_department_workflow: UserProfileRepo.update_profile() missing 1 required positional argument: 'work_description'

============================================================
测试完成: 3 通过, 2 失败
============================================================
